15:37:26 **** Build of configuration Debug for project Pro1 ****
make all 
Building file: ../startup/startup_stm32f4xx.S
Invoking: MCU GCC Compiler
D:\stm32\workspace\Pro1\Debug
arm-none-eabi-gcc -mcpu=cortex-m4 -mthumb -mfloat-abi=hard -mfpu=fpv4-sp-d16 -DSTM32 -DSTM32F4 -DSTM32F407VGTx -DSTM32F4DISCOVERY -DDEBUG -DSTM32F40XX -DSTM32F40_41xxx -DUSE_STDPERIPH_DRIVER -I"D:/stm32/workspace/Pro1/Utilities" -I"D:/stm32/workspace/Pro1/StdPeriph_Driver/inc" -I"D:/stm32/workspace/Pro1/inc" -I"D:/stm32/workspace/Pro1/CMSIS/device" -I"D:/stm32/workspace/Pro1/CMSIS/core" -O0 -g3 -Wall -fmessage-length=0 -ffunction-sections -c -MMD -MP -MF"startup/startup_stm32f4xx.d" -MT"startup/startup_stm32f4xx.o" -o "startup/startup_stm32f4xx.o" "../startup/startup_stm32f4xx.S"
Finished building: ../startup/startup_stm32f4xx.S
 
Building file: ../src/main.c
Invoking: MCU GCC Compiler
D:\stm32\workspace\Pro1\Debug
arm-none-eabi-gcc -mcpu=cortex-m4 -mthumb -mfloat-abi=hard -mfpu=fpv4-sp-d16 -DSTM32 -DSTM32F4 -DSTM32F407VGTx -DSTM32F4DISCOVERY -DDEBUG -DSTM32F40XX -DSTM32F40_41xxx -DUSE_STDPERIPH_DRIVER -I"D:/stm32/workspace/Pro1/Utilities" -I"D:/stm32/workspace/Pro1/StdPeriph_Driver/inc" -I"D:/stm32/workspace/Pro1/inc" -I"D:/stm32/workspace/Pro1/CMSIS/device" -I"D:/stm32/workspace/Pro1/CMSIS/core" -O0 -g3 -Wall -fmessage-length=0 -ffunction-sections -c -MMD -MP -MF"src/main.d" -MT"src/main.o" -o "src/main.o" "../src/main.c"
Finished building: ../src/main.c
 
Building file: ../src/syscalls.c
Invoking: MCU GCC Compiler
D:\stm32\workspace\Pro1\Debug
arm-none-eabi-gcc -mcpu=cortex-m4 -mthumb -mfloat-abi=hard -mfpu=fpv4-sp-d16 -DSTM32 -DSTM32F4 -DSTM32F407VGTx -DSTM32F4DISCOVERY -DDEBUG -DSTM32F40XX -DSTM32F40_41xxx -DUSE_STDPERIPH_DRIVER -I"D:/stm32/workspace/Pro1/Utilities" -I"D:/stm32/workspace/Pro1/StdPeriph_Driver/inc" -I"D:/stm32/workspace/Pro1/inc" -I"D:/stm32/workspace/Pro1/CMSIS/device" -I"D:/stm32/workspace/Pro1/CMSIS/core" -O0 -g3 -Wall -fmessage-length=0 -ffunction-sections -c -MMD -MP -MF"src/syscalls.d" -MT"src/syscalls.o" -o "src/syscalls.o" "../src/syscalls.c"
Finished building: ../src/syscalls.c
 
Building file: ../src/system_stm32f4xx.c
Invoking: MCU GCC Compiler
D:\stm32\workspace\Pro1\Debug
arm-none-eabi-gcc -mcpu=cortex-m4 -mthumb -mfloat-abi=hard -mfpu=fpv4-sp-d16 -DSTM32 -DSTM32F4 -DSTM32F407VGTx -DSTM32F4DISCOVERY -DDEBUG -DSTM32F40XX -DSTM32F40_41xxx -DUSE_STDPERIPH_DRIVER -I"D:/stm32/workspace/Pro1/Utilities" -I"D:/stm32/workspace/Pro1/StdPeriph_Driver/inc" -I"D:/stm32/workspace/Pro1/inc" -I"D:/stm32/workspace/Pro1/CMSIS/device" -I"D:/stm32/workspace/Pro1/CMSIS/core" -O0 -g3 -Wall -fmessage-length=0 -ffunction-sections -c -MMD -MP -MF"src/system_stm32f4xx.d" -MT"src/system_stm32f4xx.o" -o "src/system_stm32f4xx.o" "../src/system_stm32f4xx.c"
../src/system_stm32f4xx.c: In function 'SetSysClock':
../src/system_stm32f4xx.c:399:5: warning: this 'while' clause does not guard... [-Wmisleading-indentation]
     while ((RCC->CFGR & (uint32_t)RCC_CFGR_SWS ) != RCC_CFGR_SWS_PLL);
     ^~~~~
../src/system_stm32f4xx.c:400:5: note: ...this statement, but the latter is misleadingly indented as if it is guarded by the 'while'
     {
     ^
Finished building: ../src/system_stm32f4xx.c
 
Building file: ../Utilities/stm32f4_discovery.c
Invoking: MCU GCC Compiler
D:\stm32\workspace\Pro1\Debug
arm-none-eabi-gcc -mcpu=cortex-m4 -mthumb -mfloat-abi=hard -mfpu=fpv4-sp-d16 -DSTM32 -DSTM32F4 -DSTM32F407VGTx -DSTM32F4DISCOVERY -DDEBUG -DSTM32F40XX -DSTM32F40_41xxx -DUSE_STDPERIPH_DRIVER -I"D:/stm32/workspace/Pro1/Utilities" -I"D:/stm32/workspace/Pro1/StdPeriph_Driver/inc" -I"D:/stm32/workspace/Pro1/inc" -I"D:/stm32/workspace/Pro1/CMSIS/device" -I"D:/stm32/workspace/Pro1/CMSIS/core" -O0 -g3 -Wall -fmessage-length=0 -ffunction-sections -c -MMD -MP -MF"Utilities/stm32f4_discovery.d" -MT"Utilities/stm32f4_discovery.o" -o "Utilities/stm32f4_discovery.o" "../Utilities/stm32f4_discovery.c"
Finished building: ../Utilities/stm32f4_discovery.c
 
Building file: ../Utilities/stm32f4_discovery_lis302dl.c
Invoking: MCU GCC Compiler
D:\stm32\workspace\Pro1\Debug
arm-none-eabi-gcc -mcpu=cortex-m4 -mthumb -mfloat-abi=hard -mfpu=fpv4-sp-d16 -DSTM32 -DSTM32F4 -DSTM32F407VGTx -DSTM32F4DISCOVERY -DDEBUG -DSTM32F40XX -DSTM32F40_41xxx -DUSE_STDPERIPH_DRIVER -I"D:/stm32/workspace/Pro1/Utilities" -I"D:/stm32/workspace/Pro1/StdPeriph_Driver/inc" -I"D:/stm32/workspace/Pro1/inc" -I"D:/stm32/workspace/Pro1/CMSIS/device" -I"D:/stm32/workspace/Pro1/CMSIS/core" -O0 -g3 -Wall -fmessage-length=0 -ffunction-sections -c -MMD -MP -MF"Utilities/stm32f4_discovery_lis302dl.d" -MT"Utilities/stm32f4_discovery_lis302dl.o" -o "Utilities/stm32f4_discovery_lis302dl.o" "../Utilities/stm32f4_discovery_lis302dl.c"
Finished building: ../Utilities/stm32f4_discovery_lis302dl.c
 
Building file: ../StdPeriph_Driver/src/misc.c
Invoking: MCU GCC Compiler
D:\stm32\workspace\Pro1\Debug
arm-none-eabi-gcc -mcpu=cortex-m4 -mthumb -mfloat-abi=hard -mfpu=fpv4-sp-d16 -DSTM32 -DSTM32F4 -DSTM32F407VGTx -DSTM32F4DISCOVERY -DDEBUG -DSTM32F40XX -DSTM32F40_41xxx -DUSE_STDPERIPH_DRIVER -I"D:/stm32/workspace/Pro1/Utilities" -I"D:/stm32/workspace/Pro1/StdPeriph_Driver/inc" -I"D:/stm32/workspace/Pro1/inc" -I"D:/stm32/workspace/Pro1/CMSIS/device" -I"D:/stm32/workspace/Pro1/CMSIS/core" -O0 -g3 -Wall -fmessage-length=0 -ffunction-sections -c -MMD -MP -MF"StdPeriph_Driver/src/misc.d" -MT"StdPeriph_Driver/src/misc.o" -o "StdPeriph_Driver/src/misc.o" "../StdPeriph_Driver/src/misc.c"
Finished building: ../StdPeriph_Driver/src/misc.c
 
Building file: ../StdPeriph_Driver/src/stm32f4xx_adc.c
Invoking: MCU GCC Compiler
D:\stm32\workspace\Pro1\Debug
arm-none-eabi-gcc -mcpu=cortex-m4 -mthumb -mfloat-abi=hard -mfpu=fpv4-sp-d16 -DSTM32 -DSTM32F4 -DSTM32F407VGTx -DSTM32F4DISCOVERY -DDEBUG -DSTM32F40XX -DSTM32F40_41xxx -DUSE_STDPERIPH_DRIVER -I"D:/stm32/workspace/Pro1/Utilities" -I"D:/stm32/workspace/Pro1/StdPeriph_Driver/inc" -I"D:/stm32/workspace/Pro1/inc" -I"D:/stm32/workspace/Pro1/CMSIS/device" -I"D:/stm32/workspace/Pro1/CMSIS/core" -O0 -g3 -Wall -fmessage-length=0 -ffunction-sections -c -MMD -MP -MF"StdPeriph_Driver/src/stm32f4xx_adc.d" -MT"StdPeriph_Driver/src/stm32f4xx_adc.o" -o "StdPeriph_Driver/src/stm32f4xx_adc.o" "../StdPeriph_Driver/src/stm32f4xx_adc.c"
Finished building: ../StdPeriph_Driver/src/stm32f4xx_adc.c
 
Building file: ../StdPeriph_Driver/src/stm32f4xx_can.c
Invoking: MCU GCC Compiler
D:\stm32\workspace\Pro1\Debug
arm-none-eabi-gcc -mcpu=cortex-m4 -mthumb -mfloat-abi=hard -mfpu=fpv4-sp-d16 -DSTM32 -DSTM32F4 -DSTM32F407VGTx -DSTM32F4DISCOVERY -DDEBUG -DSTM32F40XX -DSTM32F40_41xxx -DUSE_STDPERIPH_DRIVER -I"D:/stm32/workspace/Pro1/Utilities" -I"D:/stm32/workspace/Pro1/StdPeriph_Driver/inc" -I"D:/stm32/workspace/Pro1/inc" -I"D:/stm32/workspace/Pro1/CMSIS/device" -I"D:/stm32/workspace/Pro1/CMSIS/core" -O0 -g3 -Wall -fmessage-length=0 -ffunction-sections -c -MMD -MP -MF"StdPeriph_Driver/src/stm32f4xx_can.d" -MT"StdPeriph_Driver/src/stm32f4xx_can.o" -o "StdPeriph_Driver/src/stm32f4xx_can.o" "../StdPeriph_Driver/src/stm32f4xx_can.c"
Finished building: ../StdPeriph_Driver/src/stm32f4xx_can.c
 
Building file: ../StdPeriph_Driver/src/stm32f4xx_crc.c
Invoking: MCU GCC Compiler
D:\stm32\workspace\Pro1\Debug
arm-none-eabi-gcc -mcpu=cortex-m4 -mthumb -mfloat-abi=hard -mfpu=fpv4-sp-d16 -DSTM32 -DSTM32F4 -DSTM32F407VGTx -DSTM32F4DISCOVERY -DDEBUG -DSTM32F40XX -DSTM32F40_41xxx -DUSE_STDPERIPH_DRIVER -I"D:/stm32/workspace/Pro1/Utilities" -I"D:/stm32/workspace/Pro1/StdPeriph_Driver/inc" -I"D:/stm32/workspace/Pro1/inc" -I"D:/stm32/workspace/Pro1/CMSIS/device" -I"D:/stm32/workspace/Pro1/CMSIS/core" -O0 -g3 -Wall -fmessage-length=0 -ffunction-sections -c -MMD -MP -MF"StdPeriph_Driver/src/stm32f4xx_crc.d" -MT"StdPeriph_Driver/src/stm32f4xx_crc.o" -o "StdPeriph_Driver/src/stm32f4xx_crc.o" "../StdPeriph_Driver/src/stm32f4xx_crc.c"
Finished building: ../StdPeriph_Driver/src/stm32f4xx_crc.c
 
Building file: ../StdPeriph_Driver/src/stm32f4xx_cryp.c
Invoking: MCU GCC Compiler
D:\stm32\workspace\Pro1\Debug
arm-none-eabi-gcc -mcpu=cortex-m4 -mthumb -mfloat-abi=hard -mfpu=fpv4-sp-d16 -DSTM32 -DSTM32F4 -DSTM32F407VGTx -DSTM32F4DISCOVERY -DDEBUG -DSTM32F40XX -DSTM32F40_41xxx -DUSE_STDPERIPH_DRIVER -I"D:/stm32/workspace/Pro1/Utilities" -I"D:/stm32/workspace/Pro1/StdPeriph_Driver/inc" -I"D:/stm32/workspace/Pro1/inc" -I"D:/stm32/workspace/Pro1/CMSIS/device" -I"D:/stm32/workspace/Pro1/CMSIS/core" -O0 -g3 -Wall -fmessage-length=0 -ffunction-sections -c -MMD -MP -MF"StdPeriph_Driver/src/stm32f4xx_cryp.d" -MT"StdPeriph_Driver/src/stm32f4xx_cryp.o" -o "StdPeriph_Driver/src/stm32f4xx_cryp.o" "../StdPeriph_Driver/src/stm32f4xx_cryp.c"
Finished building: ../StdPeriph_Driver/src/stm32f4xx_cryp.c
 
Building file: ../StdPeriph_Driver/src/stm32f4xx_cryp_aes.c
Invoking: MCU GCC Compiler
D:\stm32\workspace\Pro1\Debug
arm-none-eabi-gcc -mcpu=cortex-m4 -mthumb -mfloat-abi=hard -mfpu=fpv4-sp-d16 -DSTM32 -DSTM32F4 -DSTM32F407VGTx -DSTM32F4DISCOVERY -DDEBUG -DSTM32F40XX -DSTM32F40_41xxx -DUSE_STDPERIPH_DRIVER -I"D:/stm32/workspace/Pro1/Utilities" -I"D:/stm32/workspace/Pro1/StdPeriph_Driver/inc" -I"D:/stm32/workspace/Pro1/inc" -I"D:/stm32/workspace/Pro1/CMSIS/device" -I"D:/stm32/workspace/Pro1/CMSIS/core" -O0 -g3 -Wall -fmessage-length=0 -ffunction-sections -c -MMD -MP -MF"StdPeriph_Driver/src/stm32f4xx_cryp_aes.d" -MT"StdPeriph_Driver/src/stm32f4xx_cryp_aes.o" -o "StdPeriph_Driver/src/stm32f4xx_cryp_aes.o" "../StdPeriph_Driver/src/stm32f4xx_cryp_aes.c"
Finished building: ../StdPeriph_Driver/src/stm32f4xx_cryp_aes.c
 
Building file: ../StdPeriph_Driver/src/stm32f4xx_cryp_des.c
Invoking: MCU GCC Compiler
D:\stm32\workspace\Pro1\Debug
arm-none-eabi-gcc -mcpu=cortex-m4 -mthumb -mfloat-abi=hard -mfpu=fpv4-sp-d16 -DSTM32 -DSTM32F4 -DSTM32F407VGTx -DSTM32F4DISCOVERY -DDEBUG -DSTM32F40XX -DSTM32F40_41xxx -DUSE_STDPERIPH_DRIVER -I"D:/stm32/workspace/Pro1/Utilities" -I"D:/stm32/workspace/Pro1/StdPeriph_Driver/inc" -I"D:/stm32/workspace/Pro1/inc" -I"D:/stm32/workspace/Pro1/CMSIS/device" -I"D:/stm32/workspace/Pro1/CMSIS/core" -O0 -g3 -Wall -fmessage-length=0 -ffunction-sections -c -MMD -MP -MF"StdPeriph_Driver/src/stm32f4xx_cryp_des.d" -MT"StdPeriph_Driver/src/stm32f4xx_cryp_des.o" -o "StdPeriph_Driver/src/stm32f4xx_cryp_des.o" "../StdPeriph_Driver/src/stm32f4xx_cryp_des.c"
Finished building: ../StdPeriph_Driver/src/stm32f4xx_cryp_des.c
 
Building file: ../StdPeriph_Driver/src/stm32f4xx_cryp_tdes.c
Invoking: MCU GCC Compiler
D:\stm32\workspace\Pro1\Debug
arm-none-eabi-gcc -mcpu=cortex-m4 -mthumb -mfloat-abi=hard -mfpu=fpv4-sp-d16 -DSTM32 -DSTM32F4 -DSTM32F407VGTx -DSTM32F4DISCOVERY -DDEBUG -DSTM32F40XX -DSTM32F40_41xxx -DUSE_STDPERIPH_DRIVER -I"D:/stm32/workspace/Pro1/Utilities" -I"D:/stm32/workspace/Pro1/StdPeriph_Driver/inc" -I"D:/stm32/workspace/Pro1/inc" -I"D:/stm32/workspace/Pro1/CMSIS/device" -I"D:/stm32/workspace/Pro1/CMSIS/core" -O0 -g3 -Wall -fmessage-length=0 -ffunction-sections -c -MMD -MP -MF"StdPeriph_Driver/src/stm32f4xx_cryp_tdes.d" -MT"StdPeriph_Driver/src/stm32f4xx_cryp_tdes.o" -o "StdPeriph_Driver/src/stm32f4xx_cryp_tdes.o" "../StdPeriph_Driver/src/stm32f4xx_cryp_tdes.c"
Finished building: ../StdPeriph_Driver/src/stm32f4xx_cryp_tdes.c
 
Building file: ../StdPeriph_Driver/src/stm32f4xx_dac.c
Invoking: MCU GCC Compiler
D:\stm32\workspace\Pro1\Debug
arm-none-eabi-gcc -mcpu=cortex-m4 -mthumb -mfloat-abi=hard -mfpu=fpv4-sp-d16 -DSTM32 -DSTM32F4 -DSTM32F407VGTx -DSTM32F4DISCOVERY -DDEBUG -DSTM32F40XX -DSTM32F40_41xxx -DUSE_STDPERIPH_DRIVER -I"D:/stm32/workspace/Pro1/Utilities" -I"D:/stm32/workspace/Pro1/StdPeriph_Driver/inc" -I"D:/stm32/workspace/Pro1/inc" -I"D:/stm32/workspace/Pro1/CMSIS/device" -I"D:/stm32/workspace/Pro1/CMSIS/core" -O0 -g3 -Wall -fmessage-length=0 -ffunction-sections -c -MMD -MP -MF"StdPeriph_Driver/src/stm32f4xx_dac.d" -MT"StdPeriph_Driver/src/stm32f4xx_dac.o" -o "StdPeriph_Driver/src/stm32f4xx_dac.o" "../StdPeriph_Driver/src/stm32f4xx_dac.c"
Finished building: ../StdPeriph_Driver/src/stm32f4xx_dac.c
 
Building file: ../StdPeriph_Driver/src/stm32f4xx_dbgmcu.c
Invoking: MCU GCC Compiler
D:\stm32\workspace\Pro1\Debug
arm-none-eabi-gcc -mcpu=cortex-m4 -mthumb -mfloat-abi=hard -mfpu=fpv4-sp-d16 -DSTM32 -DSTM32F4 -DSTM32F407VGTx -DSTM32F4DISCOVERY -DDEBUG -DSTM32F40XX -DSTM32F40_41xxx -DUSE_STDPERIPH_DRIVER -I"D:/stm32/workspace/Pro1/Utilities" -I"D:/stm32/workspace/Pro1/StdPeriph_Driver/inc" -I"D:/stm32/workspace/Pro1/inc" -I"D:/stm32/workspace/Pro1/CMSIS/device" -I"D:/stm32/workspace/Pro1/CMSIS/core" -O0 -g3 -Wall -fmessage-length=0 -ffunction-sections -c -MMD -MP -MF"StdPeriph_Driver/src/stm32f4xx_dbgmcu.d" -MT"StdPeriph_Driver/src/stm32f4xx_dbgmcu.o" -o "StdPeriph_Driver/src/stm32f4xx_dbgmcu.o" "../StdPeriph_Driver/src/stm32f4xx_dbgmcu.c"
Finished building: ../StdPeriph_Driver/src/stm32f4xx_dbgmcu.c
 
Building file: ../StdPeriph_Driver/src/stm32f4xx_dcmi.c
Invoking: MCU GCC Compiler
D:\stm32\workspace\Pro1\Debug
arm-none-eabi-gcc -mcpu=cortex-m4 -mthumb -mfloat-abi=hard -mfpu=fpv4-sp-d16 -DSTM32 -DSTM32F4 -DSTM32F407VGTx -DSTM32F4DISCOVERY -DDEBUG -DSTM32F40XX -DSTM32F40_41xxx -DUSE_STDPERIPH_DRIVER -I"D:/stm32/workspace/Pro1/Utilities" -I"D:/stm32/workspace/Pro1/StdPeriph_Driver/inc" -I"D:/stm32/workspace/Pro1/inc" -I"D:/stm32/workspace/Pro1/CMSIS/device" -I"D:/stm32/workspace/Pro1/CMSIS/core" -O0 -g3 -Wall -fmessage-length=0 -ffunction-sections -c -MMD -MP -MF"StdPeriph_Driver/src/stm32f4xx_dcmi.d" -MT"StdPeriph_Driver/src/stm32f4xx_dcmi.o" -o "StdPeriph_Driver/src/stm32f4xx_dcmi.o" "../StdPeriph_Driver/src/stm32f4xx_dcmi.c"
Finished building: ../StdPeriph_Driver/src/stm32f4xx_dcmi.c
 
Building file: ../StdPeriph_Driver/src/stm32f4xx_dma.c
Invoking: MCU GCC Compiler
D:\stm32\workspace\Pro1\Debug
arm-none-eabi-gcc -mcpu=cortex-m4 -mthumb -mfloat-abi=hard -mfpu=fpv4-sp-d16 -DSTM32 -DSTM32F4 -DSTM32F407VGTx -DSTM32F4DISCOVERY -DDEBUG -DSTM32F40XX -DSTM32F40_41xxx -DUSE_STDPERIPH_DRIVER -I"D:/stm32/workspace/Pro1/Utilities" -I"D:/stm32/workspace/Pro1/StdPeriph_Driver/inc" -I"D:/stm32/workspace/Pro1/inc" -I"D:/stm32/workspace/Pro1/CMSIS/device" -I"D:/stm32/workspace/Pro1/CMSIS/core" -O0 -g3 -Wall -fmessage-length=0 -ffunction-sections -c -MMD -MP -MF"StdPeriph_Driver/src/stm32f4xx_dma.d" -MT"StdPeriph_Driver/src/stm32f4xx_dma.o" -o "StdPeriph_Driver/src/stm32f4xx_dma.o" "../StdPeriph_Driver/src/stm32f4xx_dma.c"
Finished building: ../StdPeriph_Driver/src/stm32f4xx_dma.c
 
Building file: ../StdPeriph_Driver/src/stm32f4xx_exti.c
Invoking: MCU GCC Compiler
D:\stm32\workspace\Pro1\Debug
arm-none-eabi-gcc -mcpu=cortex-m4 -mthumb -mfloat-abi=hard -mfpu=fpv4-sp-d16 -DSTM32 -DSTM32F4 -DSTM32F407VGTx -DSTM32F4DISCOVERY -DDEBUG -DSTM32F40XX -DSTM32F40_41xxx -DUSE_STDPERIPH_DRIVER -I"D:/stm32/workspace/Pro1/Utilities" -I"D:/stm32/workspace/Pro1/StdPeriph_Driver/inc" -I"D:/stm32/workspace/Pro1/inc" -I"D:/stm32/workspace/Pro1/CMSIS/device" -I"D:/stm32/workspace/Pro1/CMSIS/core" -O0 -g3 -Wall -fmessage-length=0 -ffunction-sections -c -MMD -MP -MF"StdPeriph_Driver/src/stm32f4xx_exti.d" -MT"StdPeriph_Driver/src/stm32f4xx_exti.o" -o "StdPeriph_Driver/src/stm32f4xx_exti.o" "../StdPeriph_Driver/src/stm32f4xx_exti.c"
Finished building: ../StdPeriph_Driver/src/stm32f4xx_exti.c
 
Building file: ../StdPeriph_Driver/src/stm32f4xx_flash.c
Invoking: MCU GCC Compiler
D:\stm32\workspace\Pro1\Debug
arm-none-eabi-gcc -mcpu=cortex-m4 -mthumb -mfloat-abi=hard -mfpu=fpv4-sp-d16 -DSTM32 -DSTM32F4 -DSTM32F407VGTx -DSTM32F4DISCOVERY -DDEBUG -DSTM32F40XX -DSTM32F40_41xxx -DUSE_STDPERIPH_DRIVER -I"D:/stm32/workspace/Pro1/Utilities" -I"D:/stm32/workspace/Pro1/StdPeriph_Driver/inc" -I"D:/stm32/workspace/Pro1/inc" -I"D:/stm32/workspace/Pro1/CMSIS/device" -I"D:/stm32/workspace/Pro1/CMSIS/core" -O0 -g3 -Wall -fmessage-length=0 -ffunction-sections -c -MMD -MP -MF"StdPeriph_Driver/src/stm32f4xx_flash.d" -MT"StdPeriph_Driver/src/stm32f4xx_flash.o" -o "StdPeriph_Driver/src/stm32f4xx_flash.o" "../StdPeriph_Driver/src/stm32f4xx_flash.c"
Finished building: ../StdPeriph_Driver/src/stm32f4xx_flash.c
 
Building file: ../StdPeriph_Driver/src/stm32f4xx_fsmc.c
Invoking: MCU GCC Compiler
D:\stm32\workspace\Pro1\Debug
arm-none-eabi-gcc -mcpu=cortex-m4 -mthumb -mfloat-abi=hard -mfpu=fpv4-sp-d16 -DSTM32 -DSTM32F4 -DSTM32F407VGTx -DSTM32F4DISCOVERY -DDEBUG -DSTM32F40XX -DSTM32F40_41xxx -DUSE_STDPERIPH_DRIVER -I"D:/stm32/workspace/Pro1/Utilities" -I"D:/stm32/workspace/Pro1/StdPeriph_Driver/inc" -I"D:/stm32/workspace/Pro1/inc" -I"D:/stm32/workspace/Pro1/CMSIS/device" -I"D:/stm32/workspace/Pro1/CMSIS/core" -O0 -g3 -Wall -fmessage-length=0 -ffunction-sections -c -MMD -MP -MF"StdPeriph_Driver/src/stm32f4xx_fsmc.d" -MT"StdPeriph_Driver/src/stm32f4xx_fsmc.o" -o "StdPeriph_Driver/src/stm32f4xx_fsmc.o" "../StdPeriph_Driver/src/stm32f4xx_fsmc.c"
Finished building: ../StdPeriph_Driver/src/stm32f4xx_fsmc.c
 
Building file: ../StdPeriph_Driver/src/stm32f4xx_gpio.c
Invoking: MCU GCC Compiler
D:\stm32\workspace\Pro1\Debug
arm-none-eabi-gcc -mcpu=cortex-m4 -mthumb -mfloat-abi=hard -mfpu=fpv4-sp-d16 -DSTM32 -DSTM32F4 -DSTM32F407VGTx -DSTM32F4DISCOVERY -DDEBUG -DSTM32F40XX -DSTM32F40_41xxx -DUSE_STDPERIPH_DRIVER -I"D:/stm32/workspace/Pro1/Utilities" -I"D:/stm32/workspace/Pro1/StdPeriph_Driver/inc" -I"D:/stm32/workspace/Pro1/inc" -I"D:/stm32/workspace/Pro1/CMSIS/device" -I"D:/stm32/workspace/Pro1/CMSIS/core" -O0 -g3 -Wall -fmessage-length=0 -ffunction-sections -c -MMD -MP -MF"StdPeriph_Driver/src/stm32f4xx_gpio.d" -MT"StdPeriph_Driver/src/stm32f4xx_gpio.o" -o "StdPeriph_Driver/src/stm32f4xx_gpio.o" "../StdPeriph_Driver/src/stm32f4xx_gpio.c"
Finished building: ../StdPeriph_Driver/src/stm32f4xx_gpio.c
 
Building file: ../StdPeriph_Driver/src/stm32f4xx_hash.c
Invoking: MCU GCC Compiler
D:\stm32\workspace\Pro1\Debug
arm-none-eabi-gcc -mcpu=cortex-m4 -mthumb -mfloat-abi=hard -mfpu=fpv4-sp-d16 -DSTM32 -DSTM32F4 -DSTM32F407VGTx -DSTM32F4DISCOVERY -DDEBUG -DSTM32F40XX -DSTM32F40_41xxx -DUSE_STDPERIPH_DRIVER -I"D:/stm32/workspace/Pro1/Utilities" -I"D:/stm32/workspace/Pro1/StdPeriph_Driver/inc" -I"D:/stm32/workspace/Pro1/inc" -I"D:/stm32/workspace/Pro1/CMSIS/device" -I"D:/stm32/workspace/Pro1/CMSIS/core" -O0 -g3 -Wall -fmessage-length=0 -ffunction-sections -c -MMD -MP -MF"StdPeriph_Driver/src/stm32f4xx_hash.d" -MT"StdPeriph_Driver/src/stm32f4xx_hash.o" -o "StdPeriph_Driver/src/stm32f4xx_hash.o" "../StdPeriph_Driver/src/stm32f4xx_hash.c"
Finished building: ../StdPeriph_Driver/src/stm32f4xx_hash.c
 
Building file: ../StdPeriph_Driver/src/stm32f4xx_hash_md5.c
Invoking: MCU GCC Compiler
D:\stm32\workspace\Pro1\Debug
arm-none-eabi-gcc -mcpu=cortex-m4 -mthumb -mfloat-abi=hard -mfpu=fpv4-sp-d16 -DSTM32 -DSTM32F4 -DSTM32F407VGTx -DSTM32F4DISCOVERY -DDEBUG -DSTM32F40XX -DSTM32F40_41xxx -DUSE_STDPERIPH_DRIVER -I"D:/stm32/workspace/Pro1/Utilities" -I"D:/stm32/workspace/Pro1/StdPeriph_Driver/inc" -I"D:/stm32/workspace/Pro1/inc" -I"D:/stm32/workspace/Pro1/CMSIS/device" -I"D:/stm32/workspace/Pro1/CMSIS/core" -O0 -g3 -Wall -fmessage-length=0 -ffunction-sections -c -MMD -MP -MF"StdPeriph_Driver/src/stm32f4xx_hash_md5.d" -MT"StdPeriph_Driver/src/stm32f4xx_hash_md5.o" -o "StdPeriph_Driver/src/stm32f4xx_hash_md5.o" "../StdPeriph_Driver/src/stm32f4xx_hash_md5.c"
Finished building: ../StdPeriph_Driver/src/stm32f4xx_hash_md5.c
 
Building file: ../StdPeriph_Driver/src/stm32f4xx_hash_sha1.c
Invoking: MCU GCC Compiler
D:\stm32\workspace\Pro1\Debug
arm-none-eabi-gcc -mcpu=cortex-m4 -mthumb -mfloat-abi=hard -mfpu=fpv4-sp-d16 -DSTM32 -DSTM32F4 -DSTM32F407VGTx -DSTM32F4DISCOVERY -DDEBUG -DSTM32F40XX -DSTM32F40_41xxx -DUSE_STDPERIPH_DRIVER -I"D:/stm32/workspace/Pro1/Utilities" -I"D:/stm32/workspace/Pro1/StdPeriph_Driver/inc" -I"D:/stm32/workspace/Pro1/inc" -I"D:/stm32/workspace/Pro1/CMSIS/device" -I"D:/stm32/workspace/Pro1/CMSIS/core" -O0 -g3 -Wall -fmessage-length=0 -ffunction-sections -c -MMD -MP -MF"StdPeriph_Driver/src/stm32f4xx_hash_sha1.d" -MT"StdPeriph_Driver/src/stm32f4xx_hash_sha1.o" -o "StdPeriph_Driver/src/stm32f4xx_hash_sha1.o" "../StdPeriph_Driver/src/stm32f4xx_hash_sha1.c"
Finished building: ../StdPeriph_Driver/src/stm32f4xx_hash_sha1.c
 
Building file: ../StdPeriph_Driver/src/stm32f4xx_i2c.c
Invoking: MCU GCC Compiler
D:\stm32\workspace\Pro1\Debug
arm-none-eabi-gcc -mcpu=cortex-m4 -mthumb -mfloat-abi=hard -mfpu=fpv4-sp-d16 -DSTM32 -DSTM32F4 -DSTM32F407VGTx -DSTM32F4DISCOVERY -DDEBUG -DSTM32F40XX -DSTM32F40_41xxx -DUSE_STDPERIPH_DRIVER -I"D:/stm32/workspace/Pro1/Utilities" -I"D:/stm32/workspace/Pro1/StdPeriph_Driver/inc" -I"D:/stm32/workspace/Pro1/inc" -I"D:/stm32/workspace/Pro1/CMSIS/device" -I"D:/stm32/workspace/Pro1/CMSIS/core" -O0 -g3 -Wall -fmessage-length=0 -ffunction-sections -c -MMD -MP -MF"StdPeriph_Driver/src/stm32f4xx_i2c.d" -MT"StdPeriph_Driver/src/stm32f4xx_i2c.o" -o "StdPeriph_Driver/src/stm32f4xx_i2c.o" "../StdPeriph_Driver/src/stm32f4xx_i2c.c"
Finished building: ../StdPeriph_Driver/src/stm32f4xx_i2c.c
 
Building file: ../StdPeriph_Driver/src/stm32f4xx_iwdg.c
Invoking: MCU GCC Compiler
D:\stm32\workspace\Pro1\Debug
arm-none-eabi-gcc -mcpu=cortex-m4 -mthumb -mfloat-abi=hard -mfpu=fpv4-sp-d16 -DSTM32 -DSTM32F4 -DSTM32F407VGTx -DSTM32F4DISCOVERY -DDEBUG -DSTM32F40XX -DSTM32F40_41xxx -DUSE_STDPERIPH_DRIVER -I"D:/stm32/workspace/Pro1/Utilities" -I"D:/stm32/workspace/Pro1/StdPeriph_Driver/inc" -I"D:/stm32/workspace/Pro1/inc" -I"D:/stm32/workspace/Pro1/CMSIS/device" -I"D:/stm32/workspace/Pro1/CMSIS/core" -O0 -g3 -Wall -fmessage-length=0 -ffunction-sections -c -MMD -MP -MF"StdPeriph_Driver/src/stm32f4xx_iwdg.d" -MT"StdPeriph_Driver/src/stm32f4xx_iwdg.o" -o "StdPeriph_Driver/src/stm32f4xx_iwdg.o" "../StdPeriph_Driver/src/stm32f4xx_iwdg.c"
Finished building: ../StdPeriph_Driver/src/stm32f4xx_iwdg.c
 
Building file: ../StdPeriph_Driver/src/stm32f4xx_pwr.c
Invoking: MCU GCC Compiler
D:\stm32\workspace\Pro1\Debug
arm-none-eabi-gcc -mcpu=cortex-m4 -mthumb -mfloat-abi=hard -mfpu=fpv4-sp-d16 -DSTM32 -DSTM32F4 -DSTM32F407VGTx -DSTM32F4DISCOVERY -DDEBUG -DSTM32F40XX -DSTM32F40_41xxx -DUSE_STDPERIPH_DRIVER -I"D:/stm32/workspace/Pro1/Utilities" -I"D:/stm32/workspace/Pro1/StdPeriph_Driver/inc" -I"D:/stm32/workspace/Pro1/inc" -I"D:/stm32/workspace/Pro1/CMSIS/device" -I"D:/stm32/workspace/Pro1/CMSIS/core" -O0 -g3 -Wall -fmessage-length=0 -ffunction-sections -c -MMD -MP -MF"StdPeriph_Driver/src/stm32f4xx_pwr.d" -MT"StdPeriph_Driver/src/stm32f4xx_pwr.o" -o "StdPeriph_Driver/src/stm32f4xx_pwr.o" "../StdPeriph_Driver/src/stm32f4xx_pwr.c"
Finished building: ../StdPeriph_Driver/src/stm32f4xx_pwr.c
 
Building file: ../StdPeriph_Driver/src/stm32f4xx_rcc.c
Invoking: MCU GCC Compiler
D:\stm32\workspace\Pro1\Debug
arm-none-eabi-gcc -mcpu=cortex-m4 -mthumb -mfloat-abi=hard -mfpu=fpv4-sp-d16 -DSTM32 -DSTM32F4 -DSTM32F407VGTx -DSTM32F4DISCOVERY -DDEBUG -DSTM32F40XX -DSTM32F40_41xxx -DUSE_STDPERIPH_DRIVER -I"D:/stm32/workspace/Pro1/Utilities" -I"D:/stm32/workspace/Pro1/StdPeriph_Driver/inc" -I"D:/stm32/workspace/Pro1/inc" -I"D:/stm32/workspace/Pro1/CMSIS/device" -I"D:/stm32/workspace/Pro1/CMSIS/core" -O0 -g3 -Wall -fmessage-length=0 -ffunction-sections -c -MMD -MP -MF"StdPeriph_Driver/src/stm32f4xx_rcc.d" -MT"StdPeriph_Driver/src/stm32f4xx_rcc.o" -o "StdPeriph_Driver/src/stm32f4xx_rcc.o" "../StdPeriph_Driver/src/stm32f4xx_rcc.c"
Finished building: ../StdPeriph_Driver/src/stm32f4xx_rcc.c
 
Building file: ../StdPeriph_Driver/src/stm32f4xx_rng.c
Invoking: MCU GCC Compiler
D:\stm32\workspace\Pro1\Debug
arm-none-eabi-gcc -mcpu=cortex-m4 -mthumb -mfloat-abi=hard -mfpu=fpv4-sp-d16 -DSTM32 -DSTM32F4 -DSTM32F407VGTx -DSTM32F4DISCOVERY -DDEBUG -DSTM32F40XX -DSTM32F40_41xxx -DUSE_STDPERIPH_DRIVER -I"D:/stm32/workspace/Pro1/Utilities" -I"D:/stm32/workspace/Pro1/StdPeriph_Driver/inc" -I"D:/stm32/workspace/Pro1/inc" -I"D:/stm32/workspace/Pro1/CMSIS/device" -I"D:/stm32/workspace/Pro1/CMSIS/core" -O0 -g3 -Wall -fmessage-length=0 -ffunction-sections -c -MMD -MP -MF"StdPeriph_Driver/src/stm32f4xx_rng.d" -MT"StdPeriph_Driver/src/stm32f4xx_rng.o" -o "StdPeriph_Driver/src/stm32f4xx_rng.o" "../StdPeriph_Driver/src/stm32f4xx_rng.c"
Finished building: ../StdPeriph_Driver/src/stm32f4xx_rng.c
 
Building file: ../StdPeriph_Driver/src/stm32f4xx_rtc.c
Invoking: MCU GCC Compiler
D:\stm32\workspace\Pro1\Debug
arm-none-eabi-gcc -mcpu=cortex-m4 -mthumb -mfloat-abi=hard -mfpu=fpv4-sp-d16 -DSTM32 -DSTM32F4 -DSTM32F407VGTx -DSTM32F4DISCOVERY -DDEBUG -DSTM32F40XX -DSTM32F40_41xxx -DUSE_STDPERIPH_DRIVER -I"D:/stm32/workspace/Pro1/Utilities" -I"D:/stm32/workspace/Pro1/StdPeriph_Driver/inc" -I"D:/stm32/workspace/Pro1/inc" -I"D:/stm32/workspace/Pro1/CMSIS/device" -I"D:/stm32/workspace/Pro1/CMSIS/core" -O0 -g3 -Wall -fmessage-length=0 -ffunction-sections -c -MMD -MP -MF"StdPeriph_Driver/src/stm32f4xx_rtc.d" -MT"StdPeriph_Driver/src/stm32f4xx_rtc.o" -o "StdPeriph_Driver/src/stm32f4xx_rtc.o" "../StdPeriph_Driver/src/stm32f4xx_rtc.c"
Finished building: ../StdPeriph_Driver/src/stm32f4xx_rtc.c
 
Building file: ../StdPeriph_Driver/src/stm32f4xx_sdio.c
Invoking: MCU GCC Compiler
D:\stm32\workspace\Pro1\Debug
arm-none-eabi-gcc -mcpu=cortex-m4 -mthumb -mfloat-abi=hard -mfpu=fpv4-sp-d16 -DSTM32 -DSTM32F4 -DSTM32F407VGTx -DSTM32F4DISCOVERY -DDEBUG -DSTM32F40XX -DSTM32F40_41xxx -DUSE_STDPERIPH_DRIVER -I"D:/stm32/workspace/Pro1/Utilities" -I"D:/stm32/workspace/Pro1/StdPeriph_Driver/inc" -I"D:/stm32/workspace/Pro1/inc" -I"D:/stm32/workspace/Pro1/CMSIS/device" -I"D:/stm32/workspace/Pro1/CMSIS/core" -O0 -g3 -Wall -fmessage-length=0 -ffunction-sections -c -MMD -MP -MF"StdPeriph_Driver/src/stm32f4xx_sdio.d" -MT"StdPeriph_Driver/src/stm32f4xx_sdio.o" -o "StdPeriph_Driver/src/stm32f4xx_sdio.o" "../StdPeriph_Driver/src/stm32f4xx_sdio.c"
Finished building: ../StdPeriph_Driver/src/stm32f4xx_sdio.c
 
Building file: ../StdPeriph_Driver/src/stm32f4xx_spi.c
Invoking: MCU GCC Compiler
D:\stm32\workspace\Pro1\Debug
arm-none-eabi-gcc -mcpu=cortex-m4 -mthumb -mfloat-abi=hard -mfpu=fpv4-sp-d16 -DSTM32 -DSTM32F4 -DSTM32F407VGTx -DSTM32F4DISCOVERY -DDEBUG -DSTM32F40XX -DSTM32F40_41xxx -DUSE_STDPERIPH_DRIVER -I"D:/stm32/workspace/Pro1/Utilities" -I"D:/stm32/workspace/Pro1/StdPeriph_Driver/inc" -I"D:/stm32/workspace/Pro1/inc" -I"D:/stm32/workspace/Pro1/CMSIS/device" -I"D:/stm32/workspace/Pro1/CMSIS/core" -O0 -g3 -Wall -fmessage-length=0 -ffunction-sections -c -MMD -MP -MF"StdPeriph_Driver/src/stm32f4xx_spi.d" -MT"StdPeriph_Driver/src/stm32f4xx_spi.o" -o "StdPeriph_Driver/src/stm32f4xx_spi.o" "../StdPeriph_Driver/src/stm32f4xx_spi.c"
Finished building: ../StdPeriph_Driver/src/stm32f4xx_spi.c
 
Building file: ../StdPeriph_Driver/src/stm32f4xx_syscfg.c
Invoking: MCU GCC Compiler
D:\stm32\workspace\Pro1\Debug
arm-none-eabi-gcc -mcpu=cortex-m4 -mthumb -mfloat-abi=hard -mfpu=fpv4-sp-d16 -DSTM32 -DSTM32F4 -DSTM32F407VGTx -DSTM32F4DISCOVERY -DDEBUG -DSTM32F40XX -DSTM32F40_41xxx -DUSE_STDPERIPH_DRIVER -I"D:/stm32/workspace/Pro1/Utilities" -I"D:/stm32/workspace/Pro1/StdPeriph_Driver/inc" -I"D:/stm32/workspace/Pro1/inc" -I"D:/stm32/workspace/Pro1/CMSIS/device" -I"D:/stm32/workspace/Pro1/CMSIS/core" -O0 -g3 -Wall -fmessage-length=0 -ffunction-sections -c -MMD -MP -MF"StdPeriph_Driver/src/stm32f4xx_syscfg.d" -MT"StdPeriph_Driver/src/stm32f4xx_syscfg.o" -o "StdPeriph_Driver/src/stm32f4xx_syscfg.o" "../StdPeriph_Driver/src/stm32f4xx_syscfg.c"
Finished building: ../StdPeriph_Driver/src/stm32f4xx_syscfg.c
 
Building file: ../StdPeriph_Driver/src/stm32f4xx_tim.c
Invoking: MCU GCC Compiler
D:\stm32\workspace\Pro1\Debug
arm-none-eabi-gcc -mcpu=cortex-m4 -mthumb -mfloat-abi=hard -mfpu=fpv4-sp-d16 -DSTM32 -DSTM32F4 -DSTM32F407VGTx -DSTM32F4DISCOVERY -DDEBUG -DSTM32F40XX -DSTM32F40_41xxx -DUSE_STDPERIPH_DRIVER -I"D:/stm32/workspace/Pro1/Utilities" -I"D:/stm32/workspace/Pro1/StdPeriph_Driver/inc" -I"D:/stm32/workspace/Pro1/inc" -I"D:/stm32/workspace/Pro1/CMSIS/device" -I"D:/stm32/workspace/Pro1/CMSIS/core" -O0 -g3 -Wall -fmessage-length=0 -ffunction-sections -c -MMD -MP -MF"StdPeriph_Driver/src/stm32f4xx_tim.d" -MT"StdPeriph_Driver/src/stm32f4xx_tim.o" -o "StdPeriph_Driver/src/stm32f4xx_tim.o" "../StdPeriph_Driver/src/stm32f4xx_tim.c"
Finished building: ../StdPeriph_Driver/src/stm32f4xx_tim.c
 
Building file: ../StdPeriph_Driver/src/stm32f4xx_usart.c
Invoking: MCU GCC Compiler
D:\stm32\workspace\Pro1\Debug
arm-none-eabi-gcc -mcpu=cortex-m4 -mthumb -mfloat-abi=hard -mfpu=fpv4-sp-d16 -DSTM32 -DSTM32F4 -DSTM32F407VGTx -DSTM32F4DISCOVERY -DDEBUG -DSTM32F40XX -DSTM32F40_41xxx -DUSE_STDPERIPH_DRIVER -I"D:/stm32/workspace/Pro1/Utilities" -I"D:/stm32/workspace/Pro1/StdPeriph_Driver/inc" -I"D:/stm32/workspace/Pro1/inc" -I"D:/stm32/workspace/Pro1/CMSIS/device" -I"D:/stm32/workspace/Pro1/CMSIS/core" -O0 -g3 -Wall -fmessage-length=0 -ffunction-sections -c -MMD -MP -MF"StdPeriph_Driver/src/stm32f4xx_usart.d" -MT"StdPeriph_Driver/src/stm32f4xx_usart.o" -o "StdPeriph_Driver/src/stm32f4xx_usart.o" "../StdPeriph_Driver/src/stm32f4xx_usart.c"
Finished building: ../StdPeriph_Driver/src/stm32f4xx_usart.c
 
Building file: ../StdPeriph_Driver/src/stm32f4xx_wwdg.c
Invoking: MCU GCC Compiler
D:\stm32\workspace\Pro1\Debug
arm-none-eabi-gcc -mcpu=cortex-m4 -mthumb -mfloat-abi=hard -mfpu=fpv4-sp-d16 -DSTM32 -DSTM32F4 -DSTM32F407VGTx -DSTM32F4DISCOVERY -DDEBUG -DSTM32F40XX -DSTM32F40_41xxx -DUSE_STDPERIPH_DRIVER -I"D:/stm32/workspace/Pro1/Utilities" -I"D:/stm32/workspace/Pro1/StdPeriph_Driver/inc" -I"D:/stm32/workspace/Pro1/inc" -I"D:/stm32/workspace/Pro1/CMSIS/device" -I"D:/stm32/workspace/Pro1/CMSIS/core" -O0 -g3 -Wall -fmessage-length=0 -ffunction-sections -c -MMD -MP -MF"StdPeriph_Driver/src/stm32f4xx_wwdg.d" -MT"StdPeriph_Driver/src/stm32f4xx_wwdg.o" -o "StdPeriph_Driver/src/stm32f4xx_wwdg.o" "../StdPeriph_Driver/src/stm32f4xx_wwdg.c"
Finished building: ../StdPeriph_Driver/src/stm32f4xx_wwdg.c
 
Building target: Pro1.elf
Invoking: MCU GCC Linker
arm-none-eabi-gcc -mcpu=cortex-m4 -mthumb -mfloat-abi=hard -mfpu=fpv4-sp-d16 -T"D:\stm32\workspace\Pro1\LinkerScript.ld" -Wl,-Map=output.map -Wl,--gc-sections -o "Pro1.elf" @"objects.list"   -lm
Finished building target: Pro1.elf
 
make --no-print-directory post-build
Generating binary and Printing size information:
arm-none-eabi-objcopy -O binary "Pro1.elf" "Pro1.bin"
arm-none-eabi-size "Pro1.elf"
   text	   data	    bss	    dec	    hex	filename
   1884	   1080	   1092	   4056	    fd8	Pro1.elf
 
15:38:57 **** Incremental Build of configuration Debug for project Pro1 ****
make all 
make: Nothing to be done for 'all'.
15:39:21 **** Incremental Build of configuration Debug for project Pro1 ****
make all 
Building file: ../src/main.c
Invoking: MCU GCC Compiler
D:\stm32\workspace\Pro1\Debug
arm-none-eabi-gcc -mcpu=cortex-m4 -mthumb -mfloat-abi=hard -mfpu=fpv4-sp-d16 -DSTM32 -DSTM32F4 -DSTM32F407VGTx -DSTM32F4DISCOVERY -DDEBUG -DSTM32F40XX -DSTM32F40_41xxx -DUSE_STDPERIPH_DRIVER -I"D:/stm32/workspace/Pro1/Utilities" -I"D:/stm32/workspace/Pro1/StdPeriph_Driver/inc" -I"D:/stm32/workspace/Pro1/inc" -I"D:/stm32/workspace/Pro1/CMSIS/device" -I"D:/stm32/workspace/Pro1/CMSIS/core" -O0 -g3 -Wall -fmessage-length=0 -ffunction-sections -c -MMD -MP -MF"src/main.d" -MT"src/main.o" -o "src/main.o" "../src/main.c"
In file included from D:/stm32/workspace/Pro1/StdPeriph_Driver/inc/stm32f4xx_conf.h:46:0,
                 from D:/stm32/workspace/Pro1/CMSIS/device/stm32f4xx.h:6965,
                 from ../src/main.c:12:
../src/main.c: In function 'main':
D:/stm32/workspace/Pro1/StdPeriph_Driver/inc/stm32f4xx_gpio.h:157:36: warning: passing argument 1 of 'GPIO_SetBits' makes pointer from integer without a cast [-Wint-conversion]
 #define GPIO_Pin_13                ((uint16_t)0x2000)  /* Pin 13 selected */
                                    ^
../src/main.c:33:17: note: in expansion of macro 'GPIO_Pin_13'
   GPIO_SetBits( GPIO_Pin_13 | GPIO_Pin_14 | GPIO_Pin_15);
                 ^~~~~~~~~~~
D:/stm32/workspace/Pro1/StdPeriph_Driver/inc/stm32f4xx_gpio.h:383:6: note: expected 'GPIO_TypeDef * {aka struct <anonymous> *}' but argument is of type 'int'
 void GPIO_SetBits(GPIO_TypeDef* GPIOx, uint16_t GPIO_Pin);
      ^~~~~~~~~~~~
../src/main.c:33:3: error: too few arguments to function 'GPIO_SetBits'
   GPIO_SetBits( GPIO_Pin_13 | GPIO_Pin_14 | GPIO_Pin_15);
   ^~~~~~~~~~~~
In file included from D:/stm32/workspace/Pro1/StdPeriph_Driver/inc/stm32f4xx_conf.h:46:0,
                 from D:/stm32/workspace/Pro1/CMSIS/device/stm32f4xx.h:6965,
                 from ../src/main.c:12:
D:/stm32/workspace/Pro1/StdPeriph_Driver/inc/stm32f4xx_gpio.h:383:6: note: declared here
 void GPIO_SetBits(GPIO_TypeDef* GPIOx, uint16_t GPIO_Pin);
      ^~~~~~~~~~~~
src/subdir.mk:24: recipe for target 'src/main.o' failed
make: *** [src/main.o] Error 1
15:39:45 **** Incremental Build of configuration Debug for project Pro1 ****
make all 
Building file: ../src/main.c
Invoking: MCU GCC Compiler
D:\stm32\workspace\Pro1\Debug
arm-none-eabi-gcc -mcpu=cortex-m4 -mthumb -mfloat-abi=hard -mfpu=fpv4-sp-d16 -DSTM32 -DSTM32F4 -DSTM32F407VGTx -DSTM32F4DISCOVERY -DDEBUG -DSTM32F40XX -DSTM32F40_41xxx -DUSE_STDPERIPH_DRIVER -I"D:/stm32/workspace/Pro1/Utilities" -I"D:/stm32/workspace/Pro1/StdPeriph_Driver/inc" -I"D:/stm32/workspace/Pro1/inc" -I"D:/stm32/workspace/Pro1/CMSIS/device" -I"D:/stm32/workspace/Pro1/CMSIS/core" -O0 -g3 -Wall -fmessage-length=0 -ffunction-sections -c -MMD -MP -MF"src/main.d" -MT"src/main.o" -o "src/main.o" "../src/main.c"
Finished building: ../src/main.c
 
Building target: Pro1.elf
Invoking: MCU GCC Linker
arm-none-eabi-gcc -mcpu=cortex-m4 -mthumb -mfloat-abi=hard -mfpu=fpv4-sp-d16 -T"D:\stm32\workspace\Pro1\LinkerScript.ld" -Wl,-Map=output.map -Wl,--gc-sections -o "Pro1.elf" @"objects.list"   -lm
Finished building target: Pro1.elf
 
make --no-print-directory post-build
Generating binary and Printing size information:
arm-none-eabi-objcopy -O binary "Pro1.elf" "Pro1.bin"
arm-none-eabi-size "Pro1.elf"
   text	   data	    bss	    dec	    hex	filename
   1884	   1080	   1092	   4056	    fd8	Pro1.elf
 
15:40:24 **** Incremental Build of configuration Debug for project Pro1 ****
make all 
Building file: ../src/main.c
Invoking: MCU GCC Compiler
D:\stm32\workspace\Pro1\Debug
arm-none-eabi-gcc -mcpu=cortex-m4 -mthumb -mfloat-abi=hard -mfpu=fpv4-sp-d16 -DSTM32 -DSTM32F4 -DSTM32F407VGTx -DSTM32F4DISCOVERY -DDEBUG -DSTM32F40XX -DSTM32F40_41xxx -DUSE_STDPERIPH_DRIVER -I"D:/stm32/workspace/Pro1/Utilities" -I"D:/stm32/workspace/Pro1/StdPeriph_Driver/inc" -I"D:/stm32/workspace/Pro1/inc" -I"D:/stm32/workspace/Pro1/CMSIS/device" -I"D:/stm32/workspace/Pro1/CMSIS/core" -O0 -g3 -Wall -fmessage-length=0 -ffunction-sections -c -MMD -MP -MF"src/main.d" -MT"src/main.o" -o "src/main.o" "../src/main.c"
Finished building: ../src/main.c
 
Building target: Pro1.elf
Invoking: MCU GCC Linker
arm-none-eabi-gcc -mcpu=cortex-m4 -mthumb -mfloat-abi=hard -mfpu=fpv4-sp-d16 -T"D:\stm32\workspace\Pro1\LinkerScript.ld" -Wl,-Map=output.map -Wl,--gc-sections -o "Pro1.elf" @"objects.list"   -lm
Finished building target: Pro1.elf
 
make --no-print-directory post-build
Generating binary and Printing size information:
arm-none-eabi-objcopy -O binary "Pro1.elf" "Pro1.bin"
arm-none-eabi-size "Pro1.elf"
   text	   data	    bss	    dec	    hex	filename
   1884	   1080	   1092	   4056	    fd8	Pro1.elf
 
